#-----------------------------------------------------------
# Vivado v2022.1 (64-bit)
# SW Build 3526262 on Mon Apr 18 15:48:16 MDT 2022
# IP Build 3524634 on Mon Apr 18 20:55:01 MDT 2022
# Start of session at: Thu Mar 28 11:08:49 2024
# Process ID: 9476
# Current directory: E:/Project/Capstone/Architecture
# Command line: vivado.exe -gui_launcher_event rodinguilauncherevent19496 E:\Project\Capstone\Architecture\Architecture.xpr
# Log file: E:/Project/Capstone/Architecture/vivado.log
# Journal file: E:/Project/Capstone/Architecture\vivado.jou
# Running On: DESKTOP-TDU015C, OS: Windows, CPU Frequency: 3800 MHz, CPU Physical cores: 12, Host memory: 34306 MB
#-----------------------------------------------------------
start_gui
open_project E:/Project/Capstone/Architecture/Architecture.xpr
update_compile_order -fileset sources_1
close [ open E:/Project/Capstone/Architecture/Architecture.srcs/sources_1/new/Adder.v w ]
add_files E:/Project/Capstone/Architecture/Architecture.srcs/sources_1/new/Adder.v
update_compile_order -fileset sources_1
close [ open E:/Project/Capstone/Architecture/Architecture.srcs/sources_1/new/CLB.v w ]
add_files E:/Project/Capstone/Architecture/Architecture.srcs/sources_1/new/CLB.v
update_compile_order -fileset sources_1
update_compile_order -fileset sources_1
close [ open E:/Project/Capstone/Architecture/Architecture.srcs/sources_1/new/FullAdder.v w ]
add_files E:/Project/Capstone/Architecture/Architecture.srcs/sources_1/new/FullAdder.v
update_compile_order -fileset sources_1
update_compile_order -fileset sources_1
update_compile_order -fileset sources_1
# Disabling source management mode.  This is to allow the top design properties to be set without GUI intervention.
set_property source_mgmt_mode None [current_project]
set_property top ALU [current_fileset]
# Re-enabling previously disabled source management mode.
set_property source_mgmt_mode All [current_project]
update_compile_order -fileset sources_1
close [ open E:/Project/Capstone/Architecture/Architecture.srcs/sources_1/new/Extender.v w ]
add_files E:/Project/Capstone/Architecture/Architecture.srcs/sources_1/new/Extender.v
update_compile_order -fileset sources_1
update_compile_order -fileset sources_1
